// Jest Snapshot v1, https://goo.gl/fbAQLP

exports[`Footer should display as expected 1`] = `
"<footer class=\\"footer\\">
  <b-container-stub tag=\\"div\\">
    <b-row-stub alignh=\\"end\\" tag=\\"div\\">
      <b-col-stub lg=\\"8\\" md=\\"12\\" tag=\\"div\\" class=\\"d-flex align-items-center justify-content-center align-items-lg-start justify-content-lg-start\\">
        <div class=\\"footer-about\\">
          <div class=\\"footer-about__promcat\\">
            <b-link-stub event=\\"click\\" routertag=\\"a\\" target=\\"_self\\" to=\\"/\\">
              <logo-stub class=\\"logo\\"></logo-stub>
            </b-link-stub>
            <div class=\\"contribute\\">
              <ul class=\\"link-list\\">
                <b-link-stub event=\\"click\\" routertag=\\"a\\" target=\\"_self\\" to=\\"/about\\" tag=\\"li\\" class=\\"link\\">
                  What is PromCat?<arrowright-stub class=\\"icon\\"></arrowright-stub>
                </b-link-stub>
              </ul>
            </div>
          </div>
          <div class=\\"footer-about__social-network\\">
            <ul class=\\"link-list\\">
              <li>
                <b-link-stub event=\\"click\\" href=\\"https://github.com/sysdiglabs/promcat-resources\\" routertag=\\"a\\" target=\\"_blank\\" class=\\"link github\\">
                  <github-stub></github-stub>
                  GitHub
                </b-link-stub>
              </li>
              <li>
                <b-link-stub event=\\"click\\" href=\\"https://slack.sysdig.com/\\" routertag=\\"a\\" target=\\"_blank\\" class=\\"link slack\\">
                  <slack-stub></slack-stub>
                  Join us on Slack
                </b-link-stub>
              </li>
              <li>
                <b-link-stub event=\\"click\\" href=\\"https://github.com/sysdiglabs/promcat-resources/issues\\" routertag=\\"a\\" target=\\"_blank\\" class=\\"link issue\\">
                  <issue-stub></issue-stub>
                  File an issue
                </b-link-stub>
              </li>
            </ul>
          </div>
          <p class=\\"footer-about__copyright\\">
            Â© Copyright 2021 Sysdig, Inc. All Rights Reserved.
          </p>
        </div>
      </b-col-stub>
      <b-col-stub lg=\\"4\\" md=\\"12\\" tag=\\"div\\" class=\\"d-flex align-items-center justify-content-center align-items-lg-end justify-content-lg-end\\">
        <div class=\\"sponsor text-uppercase\\"><span class=\\"sponsored-by\\">A project by</span>
          <b-link-stub event=\\"click\\" href=\\"https://sysdig.com/\\" routertag=\\"a\\" target=\\"_blank\\"><span class=\\"sr-only\\">Sysdig</span>
            <sysdiglogo-stub class=\\"sysdig-logo\\"></sysdiglogo-stub>
          </b-link-stub>
        </div>
      </b-col-stub>
    </b-row-stub>
  </b-container-stub>
</footer>"
`;
